nohup: 忽略输入
Importing module 'gym_38' (/home/kaiqiang/lekang/isaacgym/python/isaacgym/_bindings/linux-x86_64/gym_38.so)
Setting GYM_USD_PLUG_INFO_PATH to /home/kaiqiang/lekang/isaacgym/python/isaacgym/_bindings/linux-x86_64/usd/plugInfo.json
PyTorch version 2.4.1+cu121
Device count 1
/home/kaiqiang/lekang/isaacgym/python/isaacgym/_bindings/src/gymtorch
Using /home/kaiqiang/.cache/torch_extensions/py38_cu121 as PyTorch extensions root...
Emitting ninja build file /home/kaiqiang/.cache/torch_extensions/py38_cu121/gymtorch/build.ninja...
Building extension module gymtorch...
Allowing ninja to set a default number of workers... (overridable by setting the environment variable MAX_JOBS=N)
ninja: no work to do.
Loading extension module gymtorch...
Gym has been unmaintained since 2022 and does not support NumPy 2.0 amongst other critical functionality.
Please upgrade to Gymnasium, the maintained drop-in replacement of Gym, or contact the authors of your software and request that they upgrade.
Users of this version of Gym should be able to simply replace 'import gym' with 'import gymnasium as gym' in the vast majority of cases.
See the migration guide at https://gymnasium.farama.org/introduction/migration_guide/ for additional information.

Launching fair audit child: task=flat_trot_efficiency vx=0.50

Launching fair audit child: task=flat_trot_efficiency vx=1.00

Launching fair audit child: task=flat_trot_efficiency vx=1.50

Launching fair audit child: task=flat_trot_efficiency vx=2.00

Launching fair audit child: task=ramp_up_trot_robustness vx=0.50

Launching fair audit child: task=ramp_up_trot_robustness vx=1.00

Launching fair audit child: task=ramp_up_trot_robustness vx=1.50

Launching fair audit child: task=ramp_up_trot_robustness vx=2.00

Launching fair audit child: task=rough_slope_trot_robustness vx=0.50

Launching fair audit child: task=rough_slope_trot_robustness vx=1.00

Launching fair audit child: task=rough_slope_trot_robustness vx=1.50

Launching fair audit child: task=rough_slope_trot_robustness vx=2.00

Launching fair audit child: task=push_lateral_pace_recovery vx=1.50

Launching fair audit child: task=stepping_stones_easy_bound_highspeed vx=2.00

Wrote combined fair audit to: runs/high_level_oracle_gait/fair_target_gait_audit/20260613_action_grid_full
